[3gH    H    H    H    H    H    H    H    H    H    H    H    H    H    H    H    H    H    H    H    H    H    H    H    H    H    H    H    H    H    H    H    H    H    H    H    H    H    H[INFO] Using python from: /home/mte/miniconda3/envs/isaaclab/bin/python
[WARN][AppLauncher]: There are no arguments attached to the ArgumentParser object. If you have your own arguments, please load your own arguments before calling the `AppLauncher.add_app_launcher_args` method. This allows the method to check the validity of the arguments and perform checks for argument names.
[INFO][AppLauncher]: Using device: cuda:0
[INFO][AppLauncher]: Loading experience file: /home/mte/Abdur_Rabbi_Thesis_updated/IsaacLab/apps/isaaclab.python.headless.kit
[Warning] [simulation_app.simulation_app] Modules: ['omni.kit_app'] were loaded before SimulationApp was started and might not be loaded correctly.
[Warning] [simulation_app.simulation_app] Please check to make sure no extra omniverse or pxr modules are imported before the call to SimulationApp(...)
Loading user config located at: '/home/mte/miniconda3/envs/isaaclab/lib/python3.11/site-packages/omni/data/Kit/Isaac-Sim/5.1/user.config.json'
[Info] [carb] Logging to file: /home/mte/miniconda3/envs/isaaclab/lib/python3.11/site-packages/omni/logs/Kit/Isaac-Sim/5.1/kit_20260727_214304.log
2026-07-27T15:43:04Z [104ms] [Warning] [omni.usd_config.extension] Enable omni.materialx.libs extension to use MaterialX
2026-07-27T15:43:04Z [493ms] [Warning] [omni.isaac.dynamic_control] omni.isaac.dynamic_control is deprecated as of Isaac Sim 4.5. No action is needed from end-users.
Warp CUDA error: Failed to get driver entry point 'cuDeviceGetUuid' (CUDA error 1)
Warp CUDA error: Function cuDeviceGetUuid_f: a suitable driver entry point was not found
Warp CUDA error 36: API call is not supported in the installed CUDA driver (in function cuda_init, /builds/omniverse/warp/warp/native/warp.cu:277)
2026-07-27T15:43:08Z [4,070ms] [Warning] [gpu.foundation.plugin] Skipping unsupported non-NVIDIA GPU: Intel(R) Graphics (RPL-S)
2026-07-27T15:43:08Z [4,070ms] [Warning] [gpu.foundation.plugin] Skipping unsupported non-NVIDIA GPU: Intel(R) Graphics (RPL-S)

|---------------------------------------------------------------------------------------------|
| Driver Version: 580.173.02    | Graphics API: Vulkan
|=============================================================================================|
| GPU | Name                             | Active | LDA | GPU Memory | Vendor-ID | LUID       |
|     |                                  |        |     |            | Device-ID | UUID       |
|     |                                  |        |     |            | Bus-ID    |            |
|---------------------------------------------------------------------------------------------|
| 0   | NVIDIA GeForce RTX 5090          | Yes: 0 |     | 32853   MB | 10de      | 0          |
|     |                                  |        |     |            | 2b85      | 578d95f1.. |
|     |                                  |        |     |            | 1         |            |
|---------------------------------------------------------------------------------------------|
| 1   | Intel(R) Graphics (RPL-S)        |        |     | 48076   MB | 8086      | 0          |
|     |                                  |        |     |            | a780      | 868080a7.. |
|     |                                  |        |     |            | 0         |            |
|=============================================================================================|
| OS: 22.04.5 LTS (Jammy Jellyfish) ubuntu, Version: 22.04.5, Kernel: 6.8.0-136-generic
| XServer Vendor: The X.Org Foundation, XServer Version: 12101004 (1.21.1.4)
| Processor: Intel(R) Core(TM) i9-14900K
| Bare Metal Cores: 24 | Bare Metal Logical Cores: 48
| Available Cores:  32 
|---------------------------------------------------------------------------------------------|
| Total Memory (MB): 64102 | Free Memory: 52922
| Total Page/Swap (MB): 13741 | Free Page/Swap: 13741
|---------------------------------------------------------------------------------------------|
2026-07-27T15:43:08Z [4,265ms] [Warning] [gpu.foundation.plugin] PCIe link width current (8) and maximum (16) for device 0 don't match.
2026-07-27T15:43:08Z [4,265ms] [Warning] [gpu.foundation.plugin] IOMMU is enabled.
2026-07-27T15:43:08Z [4,265ms] [Warning] [gpu.foundation.plugin] Detected IOMMU is enabled. Running CUDA peer-to-peer bandwidth and latency validation.
Unidirectional P2P=Enabled Bandwidth (P2P Writes) Matrix (GB/s)
   D\D     0 
     0 1531.86 
P2P=Enabled Latency (P2P Writes) Matrix (us)
   GPU     0 
     0   2.08 

   CPU     0 
     0   2.41 
==============================================================================
UR5e ASSET PROBE  —  Module 02, STEP 2
==============================================================================
NUCLEUS_ASSET_ROOT_DIR : https://omniverse-content-production.s3-us-west-2.amazonaws.com/Assets/Isaac/5.1
ISAAC_NUCLEUS_DIR      : https://omniverse-content-production.s3-us-west-2.amazonaws.com/Assets/Isaac/5.1/Isaac
ISAACLAB_NUCLEUS_DIR   : https://omniverse-content-production.s3-us-west-2.amazonaws.com/Assets/Isaac/5.1/Isaac/IsaacLab

CONTROL   on Nucleus  https://omniverse-content-production.s3-us-west-2.amazonaws.com/Assets/Isaac/5.1/Isaac/Robots/UniversalRobots/ur10e/ur10e.usd

--- listing: https://omniverse-content-production.s3-us-west-2.amazonaws.com/Assets/Isaac/5.1/Isaac/Robots/UniversalRobots/
    README.md
    ur10
    ur10e
    ur16e
    ur20
    ur3
    ur30
    ur3e
    ur5
    ur5e

--- listing: https://omniverse-content-production.s3-us-west-2.amazonaws.com/Assets/Isaac/5.1/Isaac/Robots/UniversalRobots/ur5/
    .thumbs
    configuration
    ur5.usd

--- listing: https://omniverse-content-production.s3-us-west-2.amazonaws.com/Assets/Isaac/5.1/Isaac/Robots/UniversalRobots/ur5e/
    .thumbs
    configuration
    ur5e.usd

--- listing: https://omniverse-content-production.s3-us-west-2.amazonaws.com/Assets/Isaac/5.1/Isaac/IsaacLab/Robots/UniversalRobots/
    LICENSE
    UR10

CAND      on Nucleus  https://omniverse-content-production.s3-us-west-2.amazonaws.com/Assets/Isaac/5.1/Isaac/Robots/UniversalRobots/ur5e/ur5e.usd
CAND      on Nucleus  https://omniverse-content-production.s3-us-west-2.amazonaws.com/Assets/Isaac/5.1/Isaac/Robots/UniversalRobots/ur5/ur5.usd
CAND      MISSING     https://omniverse-content-production.s3-us-west-2.amazonaws.com/Assets/Isaac/5.1/Isaac/Robots/UR5e/ur5e.usd
CAND      MISSING     https://omniverse-content-production.s3-us-west-2.amazonaws.com/Assets/Isaac/5.1/Isaac/IsaacLab/Robots/UniversalRobots/UR5e/ur5e_instanceable.usd
CAND      MISSING     https://omniverse-content-production.s3-us-west-2.amazonaws.com/Assets/Isaac/5.1/Isaac/IsaacLab/Robots/UniversalRobots/UR5/ur5_instanceable.usd

==============================================================================
DECIDES: a UR5e path found here -> STEP 3 writes ur5e_cfg.py against it.
         nothing found          -> fall back to importing the official UR5e URDF
                                   with IsaacLab/scripts/tools/convert_urdf.py.
==============================================================================
